// Jest Snapshot v1, https://goo.gl/fbAQLP

exports[`Card should render as expected 1`] = `
<DocumentFragment>
  <div
    class="col-sm-12 col-md-6"
  >
    <div
      class="card"
    >
      <div
        class="card__image"
      >
        <a
          href="url"
          rel="noopener noreferrer"
          target="_blank"
        >
          <img
            alt="title"
            src="image"
          />
        </a>
      </div>
      <div
        class="card__info-wrapper"
      >
        <h3
          class="card__title"
        >
          title
        </h3>
        <p
          class="card__description"
        >
          eggs
        </p>
      </div>
    </div>
  </div>
</DocumentFragment>
`;
