// Jest Snapshot v1, https://goo.gl/fbAQLP

exports[`Homepage should render as expected 1`] = `
<DocumentFragment>
  <div
    class="container"
  >
    <h1>
      Recipe Puppy is an ingredient based recipe search
    </h1>
    <div
      class="row"
    />
  </div>
</DocumentFragment>
`;
