// Jest Snapshot v1, https://goo.gl/fbAQLP

exports[`Loading should render as expected 1`] = `
<DocumentFragment>
  <div
    class="loading"
  >
    Loading...
  </div>
</DocumentFragment>
`;
